// Jest Snapshot v1, https://goo.gl/fbAQLP

exports[`renders dog info 1`] = `
<div>
  <h1>
    loading...
  </h1>
</div>
`;
